-----------------
2026-05-12 11:17:48.898 15770-15770 Compatibil...geReporter ai.ethervox.friendomine.debug        D  Compat change id reported: 171979766; UID 10263; state: ENABLED
2026-05-12 11:17:48.913 15770-15770 nativeloader            ai.ethervox.friendomine.debug        D  Configuring clns-4 for other apk /apex/com.android.extservices/javalib/android.ext.adservices.jar. target_sdk_version=36, uses_libraries=ALL, library_path=/data/app/~~NrB-coX1mLss3p9N0yh0OA==/ai.ethervox.friendomine.debug-J8Cp5U7WPrx6Nklc1Ke-YQ==/lib/arm64:/data/app/~~NrB-coX1mLss3p9N0yh0OA==/ai.ethervox.friendomine.debug-J8Cp5U7WPrx6Nklc1Ke-YQ==/base.apk!/lib/arm64-v8a, permitted_path=/data:/mnt/expand:/data/user/0/ai.ethervox.friendomine.debug
2026-05-12 11:17:48.914 15770-15770 nativeloader            ai.ethervox.friendomine.debug        D  InitApexLibraries:
                                                                                                      com_android_appsearch: libicing.so
                                                                                                      com_android_art: libartservice.so
                                                                                                      com_android_conscrypt: libjavacrypto.so
                                                                                                      com_android_extservices: libtflite_support_classifiers_native.so
                                                                                                      com_android_mediaprovider: libpdfclient.so
                                                                                                      com_android_os_statsd: libstats_jni.so
                                                                                                      com_android_tethering: libandroid_net_connectivity_com_android_net_module_util_jni.so:libandroid_net_connectivity_com_android_net_module_util_jni_CommonConnectivityJni.so:libframework-connectivity-jni.so:libframework-connectivity-tiramisu-jni.so:libmainlinecronet.144.0.7500.8.so:libservice-connectivity.so:libservice-thread-jni.so:stable_cronet_libcrypto.so
2026-05-12 11:17:49.500 15770-15770 nativeloader            ai.ethervox.friendomine.debug        D  Configuring clns-5 for other apk /data/app/~~NrB-coX1mLss3p9N0yh0OA==/ai.ethervox.friendomine.debug-J8Cp5U7WPrx6Nklc1Ke-YQ==/base.apk. target_sdk_version=36, uses_libraries=, library_path=/data/app/~~NrB-coX1mLss3p9N0yh0OA==/ai.ethervox.friendomine.debug-J8Cp5U7WPrx6Nklc1Ke-YQ==/lib/arm64:/data/app/~~NrB-coX1mLss3p9N0yh0OA==/ai.ethervox.friendomine.debug-J8Cp5U7WPrx6Nklc1Ke-YQ==/base.apk!/lib/arm64-v8a, permitted_path=/data:/mnt/expand:/data/user/0/ai.ethervox.friendomine.debug
2026-05-12 11:17:49.508 15770-15770 GraphicsEnvironment     ai.ethervox.friendomine.debug        V  ANGLE Developer option for 'ai.ethervox.friendomine.debug' set to: 'default'
2026-05-12 11:17:49.508 15770-15770 GraphicsEnvironment     ai.ethervox.friendomine.debug        V  ANGLE GameManagerService for ai.ethervox.friendomine.debug: false
2026-05-12 11:17:49.508 15770-15770 GraphicsEnvironment     ai.ethervox.friendomine.debug        V  Updatable production driver is not supported on the device.
2026-05-12 11:17:49.510 15770-15770 NetworkSecurityConfig   ai.ethervox.friendomine.debug        D  Using Network Security Config from resource network_security_config debugBuild: true
2026-05-12 11:17:49.511 15770-15770 NetworkSecurityConfig   ai.ethervox.friendomine.debug        D  Using Network Security Config from resource network_security_config debugBuild: true
2026-05-12 11:17:49.519 15770-15770 WM-WrkMgrInitializer    ai.ethervox.friendomine.debug        D  Initializing WorkManager with default configuration.
2026-05-12 11:17:49.543 15770-15770 EthervoxApp             ai.ethervox.friendomine.debug        D  Application starting...
2026-05-12 11:17:49.547 15770-15845 nativeloader            ai.ethervox.friendomine.debug        D  Configuring clns-6 for other apk /system/framework/org.apache.http.legacy.jar. target_sdk_version=37, uses_libraries=ALL, library_path=/data/app/~~xrJQAwyysVGz3sfgcOsLfQ==/com.google.android.gms-MzHajeFMGdjFMXIfO09xCQ==/lib/arm64:/data/app/~~xrJQAwyysVGz3sfgcOsLfQ==/com.google.android.gms-MzHajeFMGdjFMXIfO09xCQ==/base.apk!/lib/arm64-v8a, permitted_path=/data:/mnt/expand:/data/user/0/com.google.android.gms
2026-05-12 11:17:49.557 15770-15770 EthervoxApp             ai.ethervox.friendomine.debug        D  Consent manager initialized. Waiting for user consent before AdMob init...
2026-05-12 11:17:49.562 15770-15845 nativeloader            ai.ethervox.friendomine.debug        D  Configuring clns-7 for other apk /system/framework/com.android.location.provider.jar. target_sdk_version=37, uses_libraries=ALL, library_path=/data/app/~~xrJQAwyysVGz3sfgcOsLfQ==/com.google.android.gms-MzHajeFMGdjFMXIfO09xCQ==/lib/arm64:/data/app/~~xrJQAwyysVGz3sfgcOsLfQ==/com.google.android.gms-MzHajeFMGdjFMXIfO09xCQ==/base.apk!/lib/arm64-v8a, permitted_path=/data:/mnt/expand:/data/user/0/com.google.android.gms
2026-05-12 11:17:49.568 15770-15845 nativeloader            ai.ethervox.friendomine.debug        D  Configuring clns-8 for other apk /system/framework/com.android.media.remotedisplay.jar. target_sdk_version=37, uses_libraries=ALL, library_path=/data/app/~~xrJQAwyysVGz3sfgcOsLfQ==/com.google.android.gms-MzHajeFMGdjFMXIfO09xCQ==/lib/arm64:/data/app/~~xrJQAwyysVGz3sfgcOsLfQ==/com.google.android.gms-MzHajeFMGdjFMXIfO09xCQ==/base.apk!/lib/arm64-v8a, permitted_path=/data:/mnt/expand:/data/user/0/com.google.android.gms
2026-05-12 11:17:49.571 15770-15845 nativeloader            ai.ethervox.friendomine.debug        D  Configuring clns-9 for other apk /system_ext/framework/androidx.window.extensions.jar. target_sdk_version=37, uses_libraries=ALL, library_path=/data/app/~~xrJQAwyysVGz3sfgcOsLfQ==/com.google.android.gms-MzHajeFMGdjFMXIfO09xCQ==/lib/arm64:/data/app/~~xrJQAwyysVGz3sfgcOsLfQ==/com.google.android.gms-MzHajeFMGdjFMXIfO09xCQ==/base.apk!/lib/arm64-v8a, permitted_path=/data:/mnt/expand:/data/user/0/com.google.android.gms
2026-05-12 11:17:49.585 15770-15845 nativeloader            ai.ethervox.friendomine.debug        D  Configuring clns-10 for other apk /data/app/~~xrJQAwyysVGz3sfgcOsLfQ==/com.google.android.gms-MzHajeFMGdjFMXIfO09xCQ==/base.apk. target_sdk_version=37, uses_libraries=, library_path=/data/app/~~xrJQAwyysVGz3sfgcOsLfQ==/com.google.android.gms-MzHajeFMGdjFMXIfO09xCQ==/lib/arm64:/data/app/~~xrJQAwyysVGz3sfgcOsLfQ==/com.google.android.gms-MzHajeFMGdjFMXIfO09xCQ==/base.apk!/lib/arm64-v8a, permitted_path=/data:/mnt/expand:/data/user/0/com.google.android.gms
2026-05-12 11:17:49.589 15770-15846 Compatibil...geReporter ai.ethervox.friendomine.debug        D  Compat change id reported: 160794467; UID 10263; state: ENABLED
2026-05-12 11:17:49.850 15770-15853 DynamiteModule          ai.ethervox.friendomine.debug        W  Local module descriptor class for com.google.android.gms.measurement.dynamite not found.
2026-05-12 11:17:49.863 15770-15845 iendomine.debu          ai.ethervox.friendomine.debug        W  ClassLoaderContext classpath size mismatch. expected=1, found=0 (DLC[];PCL[base.apk*3459175842]{PCL[/system/framework/org.apache.http.legacy.jar*3239720431]#PCL[/apex/com.android.extservices/javalib/android.ext.adservices.jar*3839736497]#PCL[/system/framework/com.android.location.provider.jar*2527093068]#PCL[/system/framework/com.android.media.remotedisplay.jar*2700067332]#PCL[/system_ext/framework/androidx.window.extensions.jar*1761779410]#PCL[/apex/com.android.extservices/javalib/android.ext.adservices.jar*3839736497]} | DLC[];PCL[])
2026-05-12 11:17:49.866 15770-15845 DynamiteModule          ai.ethervox.friendomine.debug        I  Considering local module com.google.android.gms.ads.dynamite:0 and remote module com.google.android.gms.ads.dynamite:260480602
2026-05-12 11:17:49.867 15770-15845 DynamiteModule          ai.ethervox.friendomine.debug        I  Selected remote version of com.google.android.gms.ads.dynamite, version >= 260480602
2026-05-12 11:17:49.867 15770-15845 DynamiteModule          ai.ethervox.friendomine.debug        V  Dynamite loader version >= 2, using loadModule2NoCrashUtils
2026-05-12 11:17:49.871 15770-15853 DynamiteModule          ai.ethervox.friendomine.debug        I  Considering local module com.google.android.gms.measurement.dynamite:0 and remote module com.google.android.gms.measurement.dynamite:189
2026-05-12 11:17:49.871 15770-15853 DynamiteModule          ai.ethervox.friendomine.debug        I  Selected remote version of com.google.android.gms.measurement.dynamite, version >= 189
2026-05-12 11:17:49.871 15770-15853 DynamiteModule          ai.ethervox.friendomine.debug        V  Dynamite loader version >= 2, using loadModule2NoCrashUtils
2026-05-12 11:17:49.874 15770-15845 System                  ai.ethervox.friendomine.debug        W  ClassLoader referenced unknown path: 
2026-05-12 11:17:49.875 15770-15845 nativeloader            ai.ethervox.friendomine.debug        D  Configuring clns-11 for other apk . target_sdk_version=37, uses_libraries=, library_path=/data/app/~~xrJQAwyysVGz3sfgcOsLfQ==/com.google.android.gms-MzHajeFMGdjFMXIfO09xCQ==/lib/arm64:/data/app/~~xrJQAwyysVGz3sfgcOsLfQ==/com.google.android.gms-MzHajeFMGdjFMXIfO09xCQ==/base.apk!/lib/arm64-v8a, permitted_path=/data:/mnt/expand:/data/user/0/com.google.android.gms
2026-05-12 11:17:49.880 15770-15845 iendomine.debu          ai.ethervox.friendomine.debug        W  ClassLoaderContext classpath element checksum mismatch. expected=3459175842, found=2206829716 (DLC[];PCL[base.apk*3459175842]{PCL[/system/framework/org.apache.http.legacy.jar*3239720431]#PCL[/apex/com.android.extservices/javalib/android.ext.adservices.jar*3839736497]#PCL[/system/framework/com.android.location.provider.jar*2527093068]#PCL[/system/framework/com.android.media.remotedisplay.jar*2700067332]#PCL[/system_ext/framework/androidx.window.extensions.jar*1761779410]#PCL[/apex/com.android.extservices/javalib/android.ext.adservices.jar*3839736497]} | DLC[];PCL[/data/app/~~NrB-coX1mLss3p9N0yh0OA==/ai.ethervox.friendomine.debug-J8Cp5U7WPrx6Nklc1Ke-YQ==/base.apk*2206829716]{PCL[/apex/com.android.extservices/javalib/android.ext.adservices.jar*3839736497]})
2026-05-12 11:17:49.900 15770-15853 iendomine.debu          ai.ethervox.friendomine.debug        W  ClassLoaderContext classpath element checksum mismatch. expected=3459175842, found=2206829716 (DLC[];PCL[base.apk*3459175842]{PCL[/system/framework/org.apache.http.legacy.jar*3239720431]#PCL[/apex/com.android.extservices/javalib/android.ext.adservices.jar*3839736497]#PCL[/system/framework/com.android.location.provider.jar*2527093068]#PCL[/system/framework/com.android.media.remotedisplay.jar*2700067332]#PCL[/system_ext/framework/androidx.window.extensions.jar*1761779410]#PCL[/apex/com.android.extservices/javalib/android.ext.adservices.jar*3839736497]} | DLC[];PCL[/data/app/~~NrB-coX1mLss3p9N0yh0OA==/ai.ethervox.friendomine.debug-J8Cp5U7WPrx6Nklc1Ke-YQ==/base.apk*2206829716]{PCL[/apex/com.android.extservices/javalib/android.ext.adservices.jar*3839736497]})
2026-05-12 11:17:49.917 15770-15853 DynamiteModule          ai.ethervox.friendomine.debug        W  Local module descriptor class for com.google.android.gms.measurement.dynamite not found.
2026-05-12 11:17:49.943 15770-15848 AdrenoGLES-0            ai.ethervox.friendomine.debug        I  QUALCOMM build                   : 9b824c0bed, I6c7bff0fbd
                                                                                                    Build Date                       : 10/09/21
                                                                                                    OpenGL ES Shader Compiler Version: EV031.32.02.15
                                                                                                    Local Branch                     : mybranchec28bafc-8c8c-f11d-96c7-1458d0b52ae8
                                                                                                    Remote Branch                    : quic/gfx-adreno.lnx.1.0.r99-rel
                                                                                                    Remote Branch                    : NONE
                                                                                                    Reconstruct Branch               : NOTHING
2026-05-12 11:17:49.943 15770-15848 AdrenoGLES-0            ai.ethervox.friendomine.debug        I  Build Config                     : S P 10.0.7 AArch64
2026-05-12 11:17:49.943 15770-15848 AdrenoGLES-0            ai.ethervox.friendomine.debug        I  Driver Path                      : /vendor/lib64/egl/libGLESv2_adreno.so
2026-05-12 11:17:49.948 15770-15848 AdrenoGLES-0            ai.ethervox.friendomine.debug        I  PFP: 0x016ee190, ME: 0x00000000
2026-05-12 11:17:49.950 15770-15858 iendomine.debu          ai.ethervox.friendomine.debug        I  hiddenapi: Accessing hidden method Ldalvik/system/VMStack;->getStackClass2()Ljava/lang/Class; (runtime_flags=0, domain=core-platform, api=unsupported) from Lm7/apm; (domain=app, TargetSdkVersion=36) using reflection: allowed
2026-05-12 11:17:49.955 15770-15848 hw-ProcessState         ai.ethervox.friendomine.debug        D  Binder ioctl to enable oneway spam detection failed: Invalid argument
2026-05-12 11:17:50.000 15770-15856 iendomine.debu          ai.ethervox.friendomine.debug        E  No package ID 6a found for ID 0x6a0b0013.
2026-05-12 11:17:50.000 15770-15856 FA                      ai.ethervox.friendomine.debug        I  App measurement initialized, version: 165000
2026-05-12 11:17:50.000 15770-15856 FA                      ai.ethervox.friendomine.debug        I  To enable debug logging run: adb shell setprop log.tag.FA VERBOSE
2026-05-12 11:17:50.000 15770-15856 FA                      ai.ethervox.friendomine.debug        I  To enable faster debug mode event logging run:
                                                                                                      adb shell setprop debug.firebase.analytics.app ai.ethervox.friendomine.debug
2026-05-12 11:17:50.008 15770-15856 FA                      ai.ethervox.friendomine.debug        E  Missing google_app_id. Firebase Analytics disabled. See https://goo.gl/NAOOOI
2026-05-12 11:17:50.008 15770-15856 FA                      ai.ethervox.friendomine.debug        E  Uploading is not possible. App measurement disabled
2026-05-12 11:17:51.731 15770-15856 FA                      ai.ethervox.friendomine.debug        I  Tag Manager is not found and thus will not be used
2026-05-12 11:17:51.733 15770-15856 FA                      ai.ethervox.friendomine.debug        E  Missing google_app_id. Firebase Analytics disabled. See https://goo.gl/NAOOOI
2026-05-12 11:17:51.738 15770-15770 MainActivity            ai.ethervox.friendomine.debug        D  onCreate started
2026-05-12 11:17:51.811 15770-15770 EncryptedPrefsHelper    ai.ethervox.friendomine.debug        D  Migration already completed, skipping
2026-05-12 11:17:51.916 15770-15770 nativeloader            ai.ethervox.friendomine.debug        D  Load /data/app/~~NrB-coX1mLss3p9N0yh0OA==/ai.ethervox.friendomine.debug-J8Cp5U7WPrx6Nklc1Ke-YQ==/base.apk!/lib/arm64-v8a/libethervoxai.so using class loader ns clns-5 (caller=/data/app/~~NrB-coX1mLss3p9N0yh0OA==/ai.ethervox.friendomine.debug-J8Cp5U7WPrx6Nklc1Ke-YQ==/base.apk!classes2.dex): ok
2026-05-12 11:17:51.916 15770-15770 NativeLib               ai.ethervox.friendomine.debug        I  Successfully loaded libethervoxai.so
2026-05-12 11:17:51.917 15770-15770 EthervoxCore            ai.ethervox.friendomine.debug        I  [Android] Files directory set to: /data/user/0/ai.ethervox.friendomine.debug/files
2026-05-12 11:17:51.917 15770-15770 EthervoxCore            ai.ethervox.friendomine.debug        I  [Android] Whisper models: /data/user/0/ai.ethervox.friendomine.debug/files/models/whisper/
2026-05-12 11:17:51.917 15770-15770 EthervoxCore            ai.ethervox.friendomine.debug        I  [Android] Transcripts: /data/user/0/ai.ethervox.friendomine.debug/files/transcripts/
2026-05-12 11:17:51.917 15770-15770 ModelManager            ai.ethervox.friendomine.debug        D  Set Android files directory for ModelManager: /data/user/0/ai.ethervox.friendomine.debug/files
2026-05-12 11:17:52.052 15770-15770 FeatureManager          ai.ethervox.friendomine.debug        D  📊 getConsentLevel() returning: FULL (stored: FULL)
2026-05-12 11:17:52.052 15770-15770 FeatureManager          ai.ethervox.friendomine.debug        D  🔍 isLimitedMode = false (consentLevel=FULL, premium=false)
2026-05-12 11:17:52.053 15770-15770 FeatureManager          ai.ethervox.friendomine.debug        D  📊 getConsentLevel() returning: FULL (stored: FULL)
2026-05-12 11:17:52.054 15770-15770 EthervoxViewModel       ai.ethervox.friendomine.debug        D  🔓 Limited mode check: isPremium=false, consentLevel=FULL, isLimited=false
2026-05-12 11:17:52.132 15770-15770 FeatureManager          ai.ethervox.friendomine.debug        D  Migration already completed, skipping
2026-05-12 11:17:52.134 15770-15770 EthervoxViewModel       ai.ethervox.friendomine.debug        D  Limited mode status updated: false
2026-05-12 11:17:52.134 15770-15875 EthervoxViewModel       ai.ethervox.friendomine.debug        I  Native library loaded successfully
2026-05-12 11:17:52.142 15770-15875 EthervoxViewModel       ai.ethervox.friendomine.debug        I  Loaded default LLM config: maxTokens=512, temp=0.7
2026-05-12 11:17:52.149 15770-15875 EthervoxViewModel       ai.ethervox.friendomine.debug        I  Initializing EthervoxAI backend...
2026-05-12 11:17:52.150 15770-15876 EthervoxViewModel       ai.ethervox.friendomine.debug        D  Manifest info JSON: {"available":false,"tool_count":0,"fallback_level":3,"optimized_loaded":false,"tools_detected":false,"tools_loaded_count":0}
2026-05-12 11:17:52.158 15770-15874 EthervoxViewModel       ai.ethervox.friendomine.debug        D  Step 1: Checking native library...
2026-05-12 11:17:52.158 15770-15874 EthervoxViewModel       ai.ethervox.friendomine.debug        D  Step 2: Verifying NativeLib instance...
2026-05-12 11:17:52.158 15770-15874 EthervoxViewModel       ai.ethervox.friendomine.debug        D  Step 3: Creating audio config...
2026-05-12 11:17:52.158 15770-15874 EthervoxViewModel       ai.ethervox.friendomine.debug        D  Step 4: Creating wake word config...
2026-05-12 11:17:52.158 15770-15874 EthervoxViewModel       ai.ethervox.friendomine.debug        D  Step 5: Calling native initialize...
2026-05-12 11:17:52.158 15770-15874 EthervoxCore            ai.ethervox.friendomine.debug        I  Android HAL registered successfully
2026-05-12 11:17:52.158 15770-15874 EthervoxCore            ai.ethervox.friendomine.debug        I  Initializing Android platform HAL
2026-05-12 11:17:52.158 15770-15876 ModelManager            ai.ethervox.friendomine.debug        D  checkModel: type=GOVERNOR, type.value=0, modelName=granite-4.0-h-350m-Q4_K_M.gguf
2026-05-12 11:17:52.159 15770-15876 ModelMgmtJNI            ai.ethervox.friendomine.debug        I  checkModelStatus called with type=0, modelName=granite-4.0-h-350m-Q4_K_M.gguf
2026-05-12 11:17:52.159 15770-15874 EthervoxCore            ai.ethervox.friendomine.debug        I  Android HAL initialized: API 24, 8 cores, 5515 MB RAM
2026-05-12 11:17:52.160 15770-15876 EthervoxCore            ai.ethervox.friendomine.debug        I  [model_downloader.c:404 ethervox_model_check_status] Model found: /data/user/0/ai.ethervox.friendomine.debug/files/models/governor/granite-4.0-h-350m-Q4_K_M.gguf (type=0, status=1, size=222662560)
2026-05-12 11:17:52.160 15770-15876 ModelMgmtJNI            ai.ethervox.friendomine.debug        I  checkModelStatus returned: type=0, status=1, path=/data/user/0/ai.ethervox.friendomine.debug/files/models/governor/granite-4.0-h-350m-Q4_K_M.gguf
2026-05-12 11:17:52.162 15770-15876 ModelManager            ai.ethervox.friendomine.debug        D  checkModel result: ModelInfo(type=GOVERNOR, status=FOUND, path=/data/user/0/ai.ethervox.friendomine.debug/files/models/governor/granite-4.0-h-350m-Q4_K_M.gguf, name=granite-4.0-h-350m-Q4_K_M.gguf, sizeBytes=222662560, downloadedBytes=222662560, downloadProgress=1.0, isDefault=false, description=, url=)
2026-05-12 11:17:52.162 15770-15876 EthervoxCore            ai.ethervox.friendomine.debug        I  Checking optimization file: /data/user/0/ai.ethervox.friendomine.debug/files/tools/optimized/granite-4.0-h-350m.json -> NOT FOUND
2026-05-12 11:17:52.162 15770-15876 EthervoxViewModel       ai.ethervox.friendomine.debug        I  Manifest info: Emergency (basic commands only) (0 tools)
2026-05-12 11:17:52.163 15770-15874 EthervoxCore            ai.ethervox.friendomine.debug        I  [memory_core.c:94 ethervox_memory_init] No storage directory provided - running in memory-only mode
2026-05-12 11:17:52.163 15770-15874 EthervoxCore            ai.ethervox.friendomine.debug        I  [memory_core.c:111 ethervox_memory_init] Initialized memory store: session=session_1778577472_9383, storage=
2026-05-12 11:17:52.163 15770-15874 EthervoxCore            ai.ethervox.friendomine.debug        I  Memory store initialized successfully (in-memory mode until storage dir set)
2026-05-12 11:17:52.163 15770-15874 EthervoxCore            ai.ethervox.friendomine.debug        I  Tool registry initialized successfully
2026-05-12 11:17:52.163 15770-15874 EthervoxCore            ai.ethervox.friendomine.debug        I  Registered 0 compute tools
2026-05-12 11:17:52.163 15770-15874 EthervoxCore            ai.ethervox.friendomine.debug        I  [memory_registry.c:905 ethervox_memory_tools_register] Registered 8 memory tools with Governor (including correction and pattern learning)
2026-05-12 11:17:52.163 15770-15874 EthervoxCore            ai.ethervox.friendomine.debug        I  Registered memory tools successfully
2026-05-12 11:17:52.163 15770-15874 EthervoxCore            ai.ethervox.friendomine.debug        I  Total tools registered: 10
2026-05-12 11:17:52.163 15770-15874 EthervoxCore            ai.ethervox.friendomine.debug        I  Platform, memory store, and tool registry initialized successfully (Governor pending user choice)
2026-05-12 11:17:52.163 15770-15874 EthervoxCore            ai.ethervox.friendomine.debug        I  [memory_core.c:111 ethervox_memory_init] Initialized memory store: session=session_1778577472_886, storage=/data/user/0/ai.ethervox.friendomine.debug/files/memory/session_1778577472_886.jsonl
2026-05-12 11:17:52.163 15770-15874 EthervoxCore            ai.ethervox.friendomine.debug        I  Memory storage directory set to: /data/user/0/ai.ethervox.friendomine.debug/files/memory/session_1778577472_886.jsonl
2026-05-12 11:17:52.163 15770-15874 EthervoxCore            ai.ethervox.friendomine.debug        I  [memory_export.c:729 ethervox_memory_load_previous_session] Searching for previous sessions in /data/user/0/ai.ethervox.friendomine.debug/files/memory (current: session_1778577472_886.jsonl)
2026-05-12 11:17:52.163 15770-15874 EthervoxCore            ai.ethervox.friendomine.debug        I  [memory_export.c:769 ethervox_memory_load_previous_session] Checked 11 .jsonl files, skipped 1, selected: /data/user/0/ai.ethervox.friendomine.debug/files/memory/session_1778576995_886.jsonl
2026-05-12 11:17:52.163 15770-15874 EthervoxCore            ai.ethervox.friendomine.debug        I  [memory_export.c:682 ethervox_memory_import] Imported 0 entries from /data/user/0/ai.ethervox.friendomine.debug/files/memory/session_1778576995_886.jsonl
2026-05-12 11:17:52.163 15770-15874 EthervoxCore            ai.ethervox.friendomine.debug        I  [memory_export.c:792 ethervox_memory_load_previous_session] No previous session file found
2026-05-12 11:17:52.164 15770-15874 EthervoxCore            ai.ethervox.friendomine.debug        I  Registered OpenSL ES driver (API 24-25)
2026-05-12 11:17:52.164 15770-15874 EthervoxCore            ai.ethervox.friendomine.debug        I  OpenSL ES driver initialized (API 24-25)
2026-05-12 11:17:52.164 15770-15874 EthervoxCore            ai.ethervox.friendomine.debug        I  Audio initialized: 16000 Hz, 1 channels, buffer=4096
2026-05-12 11:17:52.165 15770-15874 EthervoxCore            ai.ethervox.friendomine.debug        I  Wake word initialized with sensitivity 0.60
2026-05-12 11:17:52.165 15770-15874 EthervoxViewModel       ai.ethervox.friendomine.debug        D  Step 6: Initialize returned: true
2026-05-12 11:17:52.165 15770-15874 EthervoxViewModel       ai.ethervox.friendomine.debug        D  Step 7: Getting platform info...
2026-05-12 11:17:52.165 15770-15874 EthervoxViewModel       ai.ethervox.friendomine.debug        I  EthervoxAI initialized successfully on Android - 0.0.6
2026-05-12 11:17:52.165 15770-15874 EthervoxViewModel       ai.ethervox.friendomine.debug        I  Ethervox backend initialized, waiting for user startup choice
2026-05-12 11:17:52.201 15770-15770 BillingMock             ai.ethervox.friendomine.debug        D  Mock Billing Manager initialized. Premium status: false
2026-05-12 11:17:52.201 15770-15770 EthervoxViewModel       ai.ethervox.friendomine.debug        D  Mock billing manager initialized with activity
2026-05-12 11:17:52.202 15770-15770 MainActivity            ai.ethervox.friendomine.debug        D  Audio permission already granted
2026-05-12 11:17:52.202 15770-15770 MainActivity            ai.ethervox.friendomine.debug        D  === handleGDPRConsent START ===
2026-05-12 11:17:52.262 15770-15770 FeatureManager          ai.ethervox.friendomine.debug        D  📊 getConsentLevel() returning: FULL (stored: FULL)
2026-05-12 11:17:52.262 15770-15770 MainActivity            ai.ethervox.friendomine.debug        D  Current consent level: FULL
2026-05-12 11:17:52.262 15770-15770 MainActivity            ai.ethervox.friendomine.debug        D  ✅ User is in FULL mode - initializing AdMob
2026-05-12 11:17:52.325 15770-15770 FeatureManager          ai.ethervox.friendomine.debug        D  📊 getConsentLevel() returning: FULL (stored: FULL)
2026-05-12 11:17:52.325 15770-15770 EthervoxApp             ai.ethervox.friendomine.debug        D  ✅ Consent verified (FULL mode), proceeding with AdMob initialization
2026-05-12 11:17:52.325 15770-15770 EthervoxApp             ai.ethervox.friendomine.debug        D  Initializing AdMob SDK...
2026-05-12 11:17:52.337 15770-15770 DynamiteModule          ai.ethervox.friendomine.debug        I  Considering local module com.google.android.gms.ads.dynamite:0 and remote module com.google.android.gms.ads.dynamite:260480602
2026-05-12 11:17:52.337 15770-15770 DynamiteModule          ai.ethervox.friendomine.debug        I  Selected remote version of com.google.android.gms.ads.dynamite, version >= 260480602
2026-05-12 11:17:52.337 15770-15770 DynamiteModule          ai.ethervox.friendomine.debug        V  Dynamite loader version >= 2, using loadModule2NoCrashUtils
2026-05-12 11:17:52.381 15770-15770 Ads                     ai.ethervox.friendomine.debug        I  Updating ad debug logging enablement.
2026-05-12 11:17:52.388 15770-15770 Sensors                 ai.ethervox.friendomine.debug        D  Permission Denial: ai.ethervox.friendomine.debug pid=15770, uid=10263 doesn't have dual sensor permission
2026-05-12 11:17:52.411 15770-15770 WebViewFactory          ai.ethervox.friendomine.debug        I  Loading com.google.android.webview version 147.0.7727.138 (code 772713803)
2026-05-12 11:17:52.411 15770-15901 Compatibil...geReporter ai.ethervox.friendomine.debug        D  Compat change id reported: 288912692; UID 10263; state: ENABLED
2026-05-12 11:17:52.414 15770-15770 ApplicationLoaders      ai.ethervox.friendomine.debug        D  Returning zygote-cached class loader: /system/framework/android.test.base.jar
2026-05-12 11:17:52.417 15770-15770 nativeloader            ai.ethervox.friendomine.debug        D  Configuring clns-12 for other apk /data/app/~~yNBReQntNf-5kcB1xaPgDg==/com.google.android.webview-gDdLajOs_VacnHrYo1tFsA==/base.apk. target_sdk_version=36, uses_libraries=, library_path=/data/app/~~yNBReQntNf-5kcB1xaPgDg==/com.google.android.webview-gDdLajOs_VacnHrYo1tFsA==/lib/arm64:/data/app/~~yNBReQntNf-5kcB1xaPgDg==/com.google.android.webview-gDdLajOs_VacnHrYo1tFsA==/base.apk!/lib/arm64-v8a, permitted_path=/data:/mnt/expand
2026-05-12 11:17:52.450 15770-15770 cr_WVCFactoryProvider   ai.ethervox.friendomine.debug        I  version=147.0.7727.138 (772713803) minSdkVersion=29 multiprocess=true packageId=127 splits=<none>
2026-05-12 11:17:52.457 15770-15770 nativeloader            ai.ethervox.friendomine.debug        D  Load /data/app/~~yNBReQntNf-5kcB1xaPgDg==/com.google.android.webview-gDdLajOs_VacnHrYo1tFsA==/base.apk!/lib/arm64-v8a/libwebviewchromium.so using class loader ns clns-12 (caller=/data/app/~~yNBReQntNf-5kcB1xaPgDg==/com.google.android.webview-gDdLajOs_VacnHrYo1tFsA==/base.apk): ok
2026-05-12 11:17:52.458 15770-15770 nativeloader            ai.ethervox.friendomine.debug        D  Load /system/lib64/libwebviewchromium_plat_support.so using class loader ns clns-12 (caller=/data/app/~~yNBReQntNf-5kcB1xaPgDg==/com.google.android.webview-gDdLajOs_VacnHrYo1tFsA==/base.apk): ok
2026-05-12 11:17:52.460 15770-15906 chromium                ai.ethervox.friendomine.debug        E  [0512/111752.460834:ERROR:android_webview/browser/variations/variations_seed_loader.cc:39] Seed missing signature.
2026-05-12 11:17:52.470 15770-15770 cr_LibraryLoader        ai.ethervox.friendomine.debug        I  Successfully loaded native library
2026-05-12 11:17:52.470 15770-15770 cr_CachingUmaRecorder   ai.ethervox.friendomine.debug        I  Flushed 20 samples from 19 histograms, 0 samples were dropped.
2026-05-12 11:17:52.473 15770-15770 cr_ChildProcLH          ai.ethervox.friendomine.debug        I  ScopedServiceBindingBatch.tryActivate: false
2026-05-12 11:17:52.475 15770-15770 cr_CombinedPProvider    ai.ethervox.friendomine.debug        I  #registerProvider() provider:WV.yk@1e1b75b isPolicyCacheEnabled:false policyProvidersSize:0
2026-05-12 11:17:52.475 15770-15770 cr_PolicyProvider       ai.ethervox.friendomine.debug        I  #setManagerAndSource() 0
2026-05-12 11:17:52.477 15770-15770 cr_DisplayManager       ai.ethervox.friendomine.debug        I  Is Display Topology available: false
2026-05-12 11:17:52.491 15770-15770 cr_CombinedPProvider    ai.ethervox.friendomine.debug        I  #linkNativeInternal() 1
2026-05-12 11:17:52.491 15770-15770 cr_AppResProvider       ai.ethervox.friendomine.debug        I  #getApplicationRestrictionsFromUserManager() Bundle[EMPTY_PARCEL]
2026-05-12 11:17:52.491 15770-15770 cr_PolicyProvider       ai.ethervox.friendomine.debug        I  #notifySettingsAvailable() 0
2026-05-12 11:17:52.491 15770-15770 cr_CombinedPProvider    ai.ethervox.friendomine.debug        I  #onSettingsAvailable() 0
2026-05-12 11:17:52.491 15770-15770 cr_CombinedPProvider    ai.ethervox.friendomine.debug        I  #flushPolicies()
2026-05-12 11:17:52.527 15770-15770 libc                    ai.ethervox.friendomine.debug        W  Access denied finding property "ro.vendor.api_level"
2026-05-12 11:17:52.534 15770-15770 chromium                ai.ethervox.friendomine.debug        W  [WARNING:android_webview/browser/network_service/net_helpers.cc:137] HTTP Cache size is: 20971520
2026-05-12 11:17:52.558 15770-15770 Compatibil...geReporter ai.ethervox.friendomine.debug        D  Compat change id reported: 171228096; UID 10263; state: ENABLED
2026-05-12 11:17:52.661 15770-15770 CCPAManager             ai.ethervox.friendomine.debug        D  CCPA Do Not Sell status: ENABLED
2026-05-12 11:17:52.661 15770-15770 CCPAManager             ai.ethervox.friendomine.debug        I  ✅ AdMob CCPA: Restricted data processing ENABLED (user opted out)
2026-05-12 11:17:52.672 15770-15770 MainActivity            ai.ethervox.friendomine.debug        D  setContent completed
2026-05-12 11:17:52.675 15770-15770 EthervoxViewModel       ai.ethervox.friendomine.debug        D  App foreground state: true
2026-05-12 11:17:52.676 15770-15770 MainActivity            ai.ethervox.friendomine.debug        D  App in foreground
2026-05-12 11:17:52.688 15770-15770 Choreographer           ai.ethervox.friendomine.debug        I  Skipped 57 frames!  The application may be doing too much work on its main thread.
2026-05-12 11:17:52.703 15770-15952 CameraManagerGlobal     ai.ethervox.friendomine.debug        I  Connecting to camera service
2026-05-12 11:17:52.706 15770-15952 libc                    ai.ethervox.friendomine.debug        W  Access denied finding property "vendor.camera.aux.packagelist"
2026-05-12 11:17:52.706 15770-15952 libc                    ai.ethervox.friendomine.debug        W  Access denied finding property "vendor.camera.aux.packagelist"
2026-05-12 11:17:52.706 15770-15843 libc                    ai.ethervox.friendomine.debug        W  Access denied finding property "vendor.camera.aux.packagelist"
2026-05-12 11:17:52.706 15770-15843 libc                    ai.ethervox.friendomine.debug        W  Access denied finding property "vendor.camera.aux.packagelist"
2026-05-12 11:17:52.870 15770-15770 FeatureManager          ai.ethervox.friendomine.debug        D  📊 getConsentLevel() returning: FULL (stored: FULL)
2026-05-12 11:17:52.870 15770-15770 AdBanner                ai.ethervox.friendomine.debug        D  === AdBanner Composable Evaluation ===
2026-05-12 11:17:52.870 15770-15770 AdBanner                ai.ethervox.friendomine.debug        D  Consent level: FULL
2026-05-12 11:17:52.870 15770-15770 AdBanner                ai.ethervox.friendomine.debug        D  AdConfig.HIDE_ADS_FOR_DEBUG: false
2026-05-12 11:17:52.870 15770-15770 AdBanner                ai.ethervox.friendomine.debug        D  shouldShowAds: true
2026-05-12 11:17:52.870 15770-15770 AdBanner                ai.ethervox.friendomine.debug        D  ✅ Showing ads - consentLevel=FULL (FULL mode)
2026-05-12 11:17:52.896 15770-15770 AdBanner                ai.ethervox.friendomine.debug        D  Creating AdView
2026-05-12 11:17:52.898 15770-15770 AdBanner                ai.ethervox.friendomine.debug        D  Loading ad...
2026-05-12 11:17:52.903 15770-15770 DynamiteModule          ai.ethervox.friendomine.debug        I  Considering local module com.google.android.gms.ads.dynamite:0 and remote module com.google.android.gms.ads.dynamite:260480602
2026-05-12 11:17:52.903 15770-15770 DynamiteModule          ai.ethervox.friendomine.debug        I  Selected remote version of com.google.android.gms.ads.dynamite, version >= 260480602
2026-05-12 11:17:52.903 15770-15770 DynamiteModule          ai.ethervox.friendomine.debug        V  Dynamite loader version >= 2, using loadModule2NoCrashUtils
2026-05-12 11:17:52.912 15770-15770 Ads                     ai.ethervox.friendomine.debug        I  Use RequestConfiguration.Builder().setTestDeviceIds(Arrays.asList("74BEEBEC5710F6B09EAC7F41DC1C601B")) to get test ads on this device.
2026-05-12 11:17:52.926 15770-15956 DynamiteModule          ai.ethervox.friendomine.debug        I  Considering local module com.google.android.gms.ads.dynamite:0 and remote module com.google.android.gms.ads.dynamite:260480602
2026-05-12 11:17:52.929 15770-15956 DynamiteModule          ai.ethervox.friendomine.debug        I  Selected remote version of com.google.android.gms.ads.dynamite, version >= 260480602
2026-05-12 11:17:52.957 15770-15893 Ads                     ai.ethervox.friendomine.debug        W  Invoke Firebase method getInstance error.
2026-05-12 11:17:52.957 15770-15893 Ads                     ai.ethervox.friendomine.debug        W  The Google Mobile Ads SDK will not integrate with Firebase. Admob/Firebase integration requires the latest Firebase SDK jar, but Firebase SDK is either missing or out of date
2026-05-12 11:17:52.970 15770-15770 ServiceBindIntentUtils  ai.ethervox.friendomine.debug        W  Dynamic lookup for intent failed for action: com.google.android.gms.ads.service.CACHE
2026-05-12 11:17:52.991 15770-15889 iendomine.debu          ai.ethervox.friendomine.debug        E  Attempt to load writable dex file: /data/user/0/ai.ethervox.friendomine.debug/app_pccache/5/A6422CD2CF82BB9C0EAF521C1BF6CC70ABCF649F/pcam.jar
2026-05-12 11:17:53.023 15770-15889 nativeloader            ai.ethervox.friendomine.debug        D  Configuring clns-13 for other apk . target_sdk_version=36, uses_libraries=ALL, library_path=, permitted_path=/data:/mnt/expand
2026-05-12 11:17:53.025 15770-15889 nativeloader            ai.ethervox.friendomine.debug        D  Load /data/user/0/ai.ethervox.friendomine.debug/app_pccache/5/A6422CD2CF82BB9C0EAF521C1BF6CC70ABCF649F/pcam.jar!/libdD4A81C1B0C8F.so using isolated ns clns-13 (caller=/data/user/0/ai.ethervox.friendomine.debug/app_pccache/5/A6422CD2CF82BB9C0EAF521C1BF6CC70ABCF649F/pcam.jar): ok
2026-05-12 11:17:53.022 15770-15770 AdWorker(Defaul         ai.ethervox.friendomine.debug        W  type=1400 audit(0.0:149945): avc: granted { execute } for path="/data/data/ai.ethervox.friendomine.debug/app_pccache/5/A6422CD2CF82BB9C0EAF521C1BF6CC70ABCF649F/pcam.jar" dev="dm-42" ino=8659484 scontext=u:r:untrusted_app:s0:c7,c257,c512,c768 tcontext=u:object_r:app_data_file:s0:c7,c257,c512,c768 tclass=file app=ai.ethervox.friendomine.debug
2026-05-12 11:17:53.255 15770-15770 FeatureManager          ai.ethervox.friendomine.debug        D  📊 getConsentLevel() returning: FULL (stored: FULL)
2026-05-12 11:17:53.255 15770-15770 FeatureManager          ai.ethervox.friendomine.debug        D  🔍 isLimitedMode = false (consentLevel=FULL, premium=false)
2026-05-12 11:17:53.256 15770-15770 FeatureManager          ai.ethervox.friendomine.debug        D  📊 getConsentLevel() returning: FULL (stored: FULL)
2026-05-12 11:17:53.256 15770-15770 EthervoxViewModel       ai.ethervox.friendomine.debug        D  🔓 Limited mode check: isPremium=false, consentLevel=FULL, isLimited=false
2026-05-12 11:17:53.258 15770-15770 FeatureManager          ai.ethervox.friendomine.debug        D  📊 getConsentLevel() returning: FULL (stored: FULL)
2026-05-12 11:17:53.258 15770-15770 iendomine.debu          ai.ethervox.friendomine.debug        E  No implementation found for boolean com.droid.ethervox_core.NativeLib.setToolsEnabled(boolean) (tried Java_com_droid_ethervox_1core_NativeLib_setToolsEnabled and Java_com_droid_ethervox_1core_NativeLib_setToolsEnabled__Z) - is the library loaded, e.g. System.loadLibrary?
2026-05-12 11:17:53.258 15770-15770 EthervoxViewModel       ai.ethervox.friendomine.debug        W  Native setToolsEnabled not implemented yet - ignoring
2026-05-12 11:17:53.258 15770-15770 EthervoxCore            ai.ethervox.friendomine.debug        I  [Android] Files directory set to: /data/user/0/ai.ethervox.friendomine.debug/files
2026-05-12 11:17:53.258 15770-15770 EthervoxCore            ai.ethervox.friendomine.debug        I  [Android] Whisper models: /data/user/0/ai.ethervox.friendomine.debug/files/models/whisper/
2026-05-12 11:17:53.258 15770-15770 EthervoxCore            ai.ethervox.friendomine.debug        I  [Android] Transcripts: /data/user/0/ai.ethervox.friendomine.debug/files/transcripts/
2026-05-12 11:17:53.258 15770-15770 EthervoxViewModel       ai.ethervox.friendomine.debug        D  Set Android files directory: /data/user/0/ai.ethervox.friendomine.debug/files
2026-05-12 11:17:53.261 15770-15888 Ads                     ai.ethervox.friendomine.debug        W  Update ad debug logging enablement as false
2026-05-12 11:17:53.263 15770-15875 ModelManager            ai.ethervox.friendomine.debug        D  checkWhisperModel: Calling checkModel with type=WHISPER, value=1, modelName=null
2026-05-12 11:17:53.263 15770-15875 ModelManager            ai.ethervox.friendomine.debug        D  checkModel: type=WHISPER, type.value=1, modelName=null
2026-05-12 11:17:53.263 15770-15875 ModelMgmtJNI            ai.ethervox.friendomine.debug        I  checkModelStatus called with type=1, modelName=null
2026-05-12 11:17:53.263 15770-15770 EthervoxApp             ai.ethervox.friendomine.debug        D  AdMob adapter com.google.android.gms.ads.MobileAds initialized: READY
2026-05-12 11:17:53.263 15770-15770 EthervoxApp             ai.ethervox.friendomine.debug        I  ✅ AdMob initialization complete
2026-05-12 11:17:53.264 15770-15842 OpenGLRenderer          ai.ethervox.friendomine.debug        I  Davey! duration=9223255506950ms; Flags=1, FrameTimelineVsyncId=4075359, IntendedVsync=116529903836835, Vsync=116530853836797, InputEventId=0, HandleInputStart=116530863591860, AnimationStart=116530863605401, PerformTraversalsStart=116530864128526, DrawStart=116531325987010, FrameDeadline=116529920503501, FrameInterval=116530863447745, FrameStartTime=16666666, SyncQueued=116531343011387, SyncStart=116531343125345, IssueDrawCommandsStart=116531343398262, SwapBuffers=116531425653166, FrameCompleted=9223372036854775807, DequeueBufferDuration=24323, QueueBufferDuration=829167, GpuCompleted=9223372036854775807, SwapBuffersCompleted=116531426730614, DisplayPresentTime=0, 
2026-05-12 11:17:53.265 15770-15875 EthervoxCore            ai.ethervox.friendomine.debug        I  [model_downloader.c:404 ethervox_model_check_status] Model found: /data/user/0/ai.ethervox.friendomine.debug/files/models/whisper/ggml-tiny.bin (type=1, status=1, size=77691713)
2026-05-12 11:17:53.265 15770-15875 ModelMgmtJNI            ai.ethervox.friendomine.debug        I  checkModelStatus returned: type=1, status=1, path=/data/user/0/ai.ethervox.friendomine.debug/files/models/whisper/ggml-tiny.bin
2026-05-12 11:17:53.265 15770-15875 ModelManager            ai.ethervox.friendomine.debug        D  checkModel result: ModelInfo(type=WHISPER, status=FOUND, path=/data/user/0/ai.ethervox.friendomine.debug/files/models/whisper/ggml-tiny.bin, name=ggml-tiny.bin, sizeBytes=77691713, downloadedBytes=77691713, downloadProgress=1.0, isDefault=true, description=Whisper Tiny Multilingual (Default) - Very fast, compact, 99 languages, url=https://huggingface.co/ggerganov/whisper.cpp/resolve/main/ggml-tiny.bin)
2026-05-12 11:17:53.268 15770-15876 EthervoxViewModel       ai.ethervox.friendomine.debug        D  Skipped 1 existing optimized prompt file(s)
2026-05-12 11:17:53.277 15770-15922 cr_media                ai.ethervox.friendomine.debug        W  BLUETOOTH_CONNECT permission is missing.
2026-05-12 11:17:53.278 15770-15922 cr_media                ai.ethervox.friendomine.debug        W  getBluetoothAdapter() requires BLUETOOTH permission
2026-05-12 11:17:53.278 15770-15922 cr_media                ai.ethervox.friendomine.debug        W  registerBluetoothIntentsIfNeeded: Requires BLUETOOTH permission
2026-05-12 11:17:53.296 15770-15770 EthervoxCore            ai.ethervox.friendomine.debug        I  [memory_registry.c:921 ethervox_memory_set_privacy_mode] Normal mode - memory logging enabled
2026-05-12 11:17:53.296 15770-15770 EthervoxCore            ai.ethervox.friendomine.debug        I  [JNI] Normal mode - memory logging enabled
2026-05-12 11:17:53.296 15770-15770 EthervoxViewModel       ai.ethervox.friendomine.debug        I  Switched to regular window 0
2026-05-12 11:17:53.298 15770-15895 Ads                     ai.ethervox.friendomine.debug        W  Not retrying to fetch app settings
2026-05-12 11:17:53.308 15770-15770 ChatScreen              ai.ethervox.friendomine.debug        D  isPremium: false, HIDE_ADS_FOR_DEBUG: false
2026-05-12 11:17:53.309 15770-15770 ChatScreen              ai.ethervox.friendomine.debug        D  Dialog states - showStartupChoice: false, showTranscriptionWarning: false
2026-05-12 11:17:53.314 15770-15971 ServiceBindIntentUtils  ai.ethervox.friendomine.debug        W  Dynamic lookup for intent failed for action: com.google.android.gms.ads.service.START
2026-05-12 11:17:53.321 15770-15876 EthervoxViewModel       ai.ethervox.friendomine.debug        D  Saved 1 chat windows
2026-05-12 11:17:53.363 15770-15770 Choreographer           ai.ethervox.friendomine.debug        I  Skipped 39 frames!  The application may be doing too much work on its main thread.
2026-05-12 11:17:53.385 15770-15770 FeatureManager          ai.ethervox.friendomine.debug        D  📊 getConsentLevel() returning: FULL (stored: FULL)
2026-05-12 11:17:53.385 15770-15770 FeatureManager          ai.ethervox.friendomine.debug        D  🔍 isLimitedMode = false (consentLevel=FULL, premium=false)
2026-05-12 11:17:53.386 15770-15770 FeatureManager          ai.ethervox.friendomine.debug        D  📊 getConsentLevel() returning: FULL (stored: FULL)
2026-05-12 11:17:53.386 15770-15770 EthervoxViewModel       ai.ethervox.friendomine.debug        D  🔓 Limited mode check: isPremium=false, consentLevel=FULL, isLimited=false
2026-05-12 11:17:53.446 15770-15770 EthervoxViewModel       ai.ethervox.friendomine.debug        D  Whisper model status initialized: AVAILABLE
2026-05-12 11:17:53.481 15770-15933 VideoCapabilities       ai.ethervox.friendomine.debug        W  Unrecognized profile/level 0/3 for video/mpeg2
2026-05-12 11:17:53.482 15770-15876 EthervoxViewModel       ai.ethervox.friendomine.debug        D  Startup prompt written to file on app load: /data/user/0/ai.ethervox.friendomine.debug/files/.ethervox_startup_prompt.txt
2026-05-12 11:17:53.482 15770-15876 EthervoxViewModel       ai.ethervox.friendomine.debug        I  [STARTUP] === INITIAL MODEL CHECK ===
2026-05-12 11:17:53.482 15770-15933 VideoCapabilities       ai.ethervox.friendomine.debug        W  Unrecognized profile/level 0/3 for video/mpeg2
2026-05-12 11:17:53.485 15770-15876 ModelManager            ai.ethervox.friendomine.debug        D  checkModel: type=GOVERNOR, type.value=0, modelName=granite-4.0-h-350m-Q4_K_M.gguf
2026-05-12 11:17:53.485 15770-15876 ModelMgmtJNI            ai.ethervox.friendomine.debug        I  checkModelStatus called with type=0, modelName=granite-4.0-h-350m-Q4_K_M.gguf
2026-05-12 11:17:53.485 15770-15876 EthervoxCore            ai.ethervox.friendomine.debug        I  [model_downloader.c:404 ethervox_model_check_status] Model found: /data/user/0/ai.ethervox.friendomine.debug/files/models/governor/granite-4.0-h-350m-Q4_K_M.gguf (type=0, status=1, size=222662560)
2026-05-12 11:17:53.485 15770-15876 ModelMgmtJNI            ai.ethervox.friendomine.debug        I  checkModelStatus returned: type=0, status=1, path=/data/user/0/ai.ethervox.friendomine.debug/files/models/governor/granite-4.0-h-350m-Q4_K_M.gguf
2026-05-12 11:17:53.485 15770-15876 ModelManager            ai.ethervox.friendomine.debug        D  checkModel result: ModelInfo(type=GOVERNOR, status=FOUND, path=/data/user/0/ai.ethervox.friendomine.debug/files/models/governor/granite-4.0-h-350m-Q4_K_M.gguf, name=granite-4.0-h-350m-Q4_K_M.gguf, sizeBytes=222662560, downloadedBytes=222662560, downloadProgress=1.0, isDefault=false, description=, url=)
2026-05-12 11:17:53.485 15770-15876 EthervoxViewModel       ai.ethervox.friendomine.debug        I  [MODEL_CHECK] Governor (granite-4.0-h-350m-Q4_K_M.gguf): info=ModelInfo(type=GOVERNOR, status=FOUND, path=/data/user/0/ai.ethervox.friendomine.debug/files/models/governor/granite-4.0-h-350m-Q4_K_M.gguf, name=granite-4.0-h-350m-Q4_K_M.gguf, sizeBytes=222662560, downloadedBytes=222662560, downloadProgress=1.0, isDefault=false, description=, url=), status=FOUND, path=/data/user/0/ai.ethervox.friendomine.debug/files/models/governor/granite-4.0-h-350m-Q4_K_M.gguf, isFound=true
2026-05-12 11:17:53.489 15770-15876 ModelManager            ai.ethervox.friendomine.debug        D  checkModel: type=WHISPER, type.value=1, modelName=ggml-tiny.bin
2026-05-12 11:17:53.489 15770-15876 ModelMgmtJNI            ai.ethervox.friendomine.debug        I  checkModelStatus called with type=1, modelName=ggml-tiny.bin
2026-05-12 11:17:53.489 15770-15876 EthervoxCore            ai.ethervox.friendomine.debug        I  [model_downloader.c:404 ethervox_model_check_status] Model found: /data/user/0/ai.ethervox.friendomine.debug/files/models/whisper/ggml-tiny.bin (type=1, status=1, size=77691713)
2026-05-12 11:17:53.489 15770-15876 ModelMgmtJNI            ai.ethervox.friendomine.debug        I  checkModelStatus returned: type=1, status=1, path=/data/user/0/ai.ethervox.friendomine.debug/files/models/whisper/ggml-tiny.bin
2026-05-12 11:17:53.490 15770-15876 ModelManager            ai.ethervox.friendomine.debug        D  checkModel result: ModelInfo(type=WHISPER, status=FOUND, path=/data/user/0/ai.ethervox.friendomine.debug/files/models/whisper/ggml-tiny.bin, name=ggml-tiny.bin, sizeBytes=77691713, downloadedBytes=77691713, downloadProgress=1.0, isDefault=true, description=Whisper Tiny Multilingual (Default) - Very fast, compact, 99 languages, url=https://huggingface.co/ggerganov/whisper.cpp/resolve/main/ggml-tiny.bin)
2026-05-12 11:17:53.490 15770-15876 EthervoxViewModel       ai.ethervox.friendomine.debug        I  [MODEL_CHECK] Whisper: info=ModelInfo(type=WHISPER, status=FOUND, path=/data/user/0/ai.ethervox.friendomine.debug/files/models/whisper/ggml-tiny.bin, name=ggml-tiny.bin, sizeBytes=77691713, downloadedBytes=77691713, downloadProgress=1.0, isDefault=true, description=Whisper Tiny Multilingual (Default) - Very fast, compact, 99 languages, url=https://huggingface.co/ggerganov/whisper.cpp/resolve/main/ggml-tiny.bin), status=FOUND, path=/data/user/0/ai.ethervox.friendomine.debug/files/models/whisper/ggml-tiny.bin, isFound=true
2026-05-12 11:17:53.501 15770-15876 ModelManager            ai.ethervox.friendomine.debug        D  checkModel: type=GOVERNOR, type.value=0, modelName=granite-4.0-h-350m-Q4_K_M.gguf
2026-05-12 11:17:53.501 15770-15876 ModelMgmtJNI            ai.ethervox.friendomine.debug        I  checkModelStatus called with type=0, modelName=granite-4.0-h-350m-Q4_K_M.gguf
